2026-09-22 20:45:55,381 | INFO | __main__ | Starting Game Tindr
2026-09-22 20:45:55,400 | INFO | __main__ | Loaded settings - active theme : dark
2026-09-22 20:45:55,479 | INFO | __main__ | Created Default user
2026-09-22 20:45:55,513 | INFO | ui.swipe_view | Queue running low - starting bg refill
2026-09-22 20:45:55,533 | INFO | core.game_queue_service | refilling game queue
2026-09-22 20:45:55,541 | INFO | sources.igdb_source | Reqiesting new IGDB access token
2026-09-22 20:45:57,708 | INFO | sources.igdb_source | Fetched 15 games from IGDB
2026-09-22 20:45:57,729 | INFO | core.game_repository | Saved new game : Portal
2026-09-22 20:45:57,739 | INFO | core.game_repository | Saved new game : The Elder Scrolls V: Skyrim
2026-09-22 20:45:57,748 | INFO | core.game_repository | Saved new game : Half-Life 2
2026-09-22 20:45:57,758 | INFO | core.game_repository | Saved new game : Red Dead Redemption 2
2026-09-22 20:45:57,767 | INFO | core.game_repository | Saved new game : The Witcher 3: Wild Hunt
2026-09-22 20:45:57,777 | INFO | core.game_repository | Saved new game : Grand Theft Auto: Vice City
2026-09-22 20:45:57,785 | INFO | core.game_repository | Saved new game : Portal 2
2026-09-22 20:45:57,795 | INFO | core.game_repository | Saved new game : The Legend of Zelda: Breath of the Wild
2026-09-22 20:45:57,804 | INFO | core.game_repository | Saved new game : Half-Life
2026-09-22 20:45:57,813 | INFO | core.game_repository | Saved new game : Grand Theft Auto: San Andreas
2026-09-22 20:45:57,822 | INFO | core.game_repository | Saved new game : God of War
2026-09-22 20:45:57,829 | INFO | core.game_repository | Saved new game : The Last of Us
2026-09-22 20:45:57,844 | INFO | core.game_repository | Saved new game : Assassin's Creed II
2026-09-22 20:45:57,854 | INFO | core.game_repository | Saved new game : BioShock
2026-09-22 20:45:57,863 | INFO | core.game_repository | Saved new game : Grand Theft Auto V
2026-09-22 20:45:57,868 | INFO | ui.swipe_view | Bg refill finished
2026-09-22 20:46:09,282 | INFO | ui.swipe_view | Recorded swipe : game_id =1 liked = True
2026-09-22 20:46:13,984 | INFO | ui.swipe_view | Recorded swipe : game_id =2 liked = True
2026-09-22 20:46:15,398 | INFO | ui.swipe_view | Recorded swipe : game_id =3 liked = False
2026-09-22 20:46:18,031 | INFO | ui.swipe_view | Recorded swipe : game_id =4 liked = False
2026-09-22 20:46:22,439 | INFO | ui.swipe_view | Recorded swipe : game_id =5 liked = True
2026-09-22 20:46:23,649 | INFO | ui.swipe_view | Recorded swipe : game_id =6 liked = False
2026-09-22 20:46:24,805 | INFO | ui.swipe_view | Recorded swipe : game_id =7 liked = True
2026-09-22 20:46:26,039 | INFO | ui.swipe_view | Recorded swipe : game_id =8 liked = True
2026-09-22 20:46:34,925 | INFO | ui.swipe_view | Recorded swipe : game_id =9 liked = False
2026-09-22 20:46:36,223 | INFO | ui.swipe_view | Recorded swipe : game_id =10 liked = False
2026-09-22 20:46:36,252 | INFO | ui.swipe_view | Queue running low - starting bg refill
2026-09-22 20:46:36,255 | INFO | core.game_queue_service | refilling game queue
2026-09-22 20:46:36,257 | INFO | sources.igdb_source | Reqiesting new IGDB access token
2026-09-22 20:46:37,830 | INFO | ui.swipe_view | Recorded swipe : game_id =11 liked = True
2026-09-22 20:46:38,470 | INFO | sources.igdb_source | Fetched 15 games from IGDB
2026-09-22 20:46:38,485 | INFO | core.game_repository | Saved new game : Elden Ring
2026-09-22 20:46:38,495 | INFO | core.game_repository | Saved new game : Uncharted 4: A Thief's End
2026-09-22 20:46:38,506 | INFO | core.game_repository | Saved new game : Far Cry 3
2026-09-22 20:46:38,520 | INFO | core.game_repository | Saved new game : Hollow Knight
2026-09-22 20:46:38,532 | INFO | core.game_repository | Saved new game : Batman: Arkham Asylum
2026-09-22 20:46:38,544 | INFO | core.game_repository | Saved new game : Red Dead Redemption
2026-09-22 20:46:38,554 | INFO | core.game_repository | Saved new game : BioShock Infinite
2026-09-22 20:46:38,564 | INFO | core.game_repository | Saved new game : Batman: Arkham City
2026-09-22 20:46:38,574 | INFO | core.game_repository | Saved new game : Horizon Zero Dawn
2026-09-22 20:46:38,586 | INFO | core.game_repository | Saved new game : Marvel's Spider-Man
2026-09-22 20:46:38,597 | INFO | core.game_repository | Saved new game : Fallout: New Vegas
2026-09-22 20:46:38,606 | INFO | core.game_repository | Saved new game : Tomb Raider
2026-09-22 20:46:38,614 | INFO | core.game_repository | Saved new game : Mass Effect
2026-09-22 20:46:38,623 | INFO | core.game_repository | Saved new game : Uncharted 2: Among Thieves
2026-09-22 20:46:38,631 | INFO | core.game_repository | Saved new game : Mass Effect 2
2026-09-22 20:46:38,636 | INFO | ui.swipe_view | Bg refill finished
2026-09-22 20:46:39,360 | INFO | ui.swipe_view | Recorded swipe : game_id =12 liked = True
2026-09-22 20:46:42,128 | INFO | ui.swipe_view | Recorded swipe : game_id =13 liked = False
2026-09-22 20:46:43,735 | INFO | ui.swipe_view | Recorded swipe : game_id =14 liked = False
2026-09-22 20:46:45,330 | INFO | ui.swipe_view | Recorded swipe : game_id =15 liked = False
2026-09-22 20:46:46,560 | INFO | ui.swipe_view | Recorded swipe : game_id =16 liked = True
2026-09-22 20:46:51,926 | INFO | ui.swipe_view | Recorded swipe : game_id =17 liked = False
2026-09-22 20:46:56,086 | INFO | ui.swipe_view | Recorded swipe : game_id =18 liked = False
2026-09-22 20:46:57,871 | INFO | ui.swipe_view | Recorded swipe : game_id =19 liked = True
2026-09-22 20:47:03,767 | INFO | ui.swipe_view | Recorded swipe : game_id =20 liked = False
2026-09-22 20:47:04,872 | INFO | ui.swipe_view | Recorded swipe : game_id =21 liked = False
2026-09-22 20:47:06,015 | INFO | ui.swipe_view | Recorded swipe : game_id =22 liked = False
2026-09-22 20:47:07,223 | INFO | ui.swipe_view | Recorded swipe : game_id =23 liked = False
2026-09-22 20:47:11,274 | INFO | ui.swipe_view | Recorded swipe : game_id =24 liked = False
2026-09-22 20:47:13,529 | INFO | ui.swipe_view | Recorded swipe : game_id =25 liked = False
2026-09-22 20:47:13,554 | INFO | ui.swipe_view | Queue running low - starting bg refill
2026-09-22 20:47:13,558 | INFO | core.game_queue_service | refilling game queue
2026-09-22 20:47:13,560 | INFO | sources.igdb_source | Reqiesting new IGDB access token
2026-09-22 20:47:15,740 | INFO | sources.igdb_source | Fetched 15 games from IGDB
2026-09-22 20:47:15,754 | INFO | core.game_repository | Saved new game : Doom
2026-09-22 20:47:15,765 | INFO | core.game_repository | Saved new game : Call of Duty 4: Modern Warfare
2026-09-22 20:47:15,776 | INFO | core.game_repository | Saved new game : Undertale
2026-09-22 20:47:15,785 | INFO | core.game_repository | Saved new game : Super Mario Odyssey
2026-09-22 20:47:15,797 | INFO | core.game_repository | Saved new game : Minecraft: Java Edition
2026-09-22 20:47:15,810 | INFO | core.game_repository | Saved new game : Super Mario 64
2026-09-22 20:47:15,822 | INFO | core.game_repository | Saved new game : Borderlands 2
2026-09-22 20:47:15,832 | INFO | core.game_repository | Saved new game : Bloodborne
2026-09-22 20:47:15,845 | INFO | core.game_repository | Saved new game : Mass Effect 3
2026-09-22 20:47:15,857 | INFO | core.game_repository | Saved new game : Super Mario World
2026-09-22 20:47:15,875 | INFO | core.game_repository | Saved new game : Life Is Strange
2026-09-22 20:47:15,887 | INFO | core.game_repository | Saved new game : The Legend of Zelda: Ocarina of Time
2026-09-22 20:47:15,898 | INFO | core.game_repository | Saved new game : Dishonored
2026-09-22 20:47:15,923 | INFO | core.game_repository | Saved new game : Grand Theft Auto IV
2026-09-22 20:47:15,933 | INFO | core.game_repository | Saved new game : Dark Souls III
2026-09-22 20:47:15,940 | INFO | ui.swipe_view | Bg refill finished
2026-09-22 20:47:16,791 | INFO | ui.swipe_view | Recorded swipe : game_id =26 liked = False
2026-09-22 20:47:19,528 | INFO | ui.swipe_view | Recorded swipe : game_id =27 liked = True
2026-09-22 20:47:22,070 | INFO | ui.swipe_view | Recorded swipe : game_id =28 liked = False
2026-09-22 20:47:23,805 | INFO | ui.swipe_view | Recorded swipe : game_id =29 liked = False
2026-09-22 20:47:24,967 | INFO | ui.swipe_view | Recorded swipe : game_id =30 liked = False
2026-09-22 20:47:28,247 | INFO | ui.swipe_view | Recorded swipe : game_id =31 liked = False
2026-09-22 20:47:30,263 | INFO | ui.swipe_view | Recorded swipe : game_id =32 liked = False
2026-09-22 20:47:32,435 | INFO | ui.swipe_view | Recorded swipe : game_id =33 liked = True
2026-09-22 20:47:36,199 | INFO | ui.swipe_view | Recorded swipe : game_id =34 liked = False
2026-09-22 20:47:37,518 | INFO | ui.swipe_view | Recorded swipe : game_id =35 liked = True
2026-09-22 20:47:39,567 | INFO | ui.swipe_view | Recorded swipe : game_id =36 liked = False
2026-09-22 20:47:44,095 | INFO | ui.swipe_view | Recorded swipe : game_id =37 liked = False
2026-09-22 20:47:45,355 | INFO | ui.swipe_view | Recorded swipe : game_id =38 liked = True
2026-09-22 20:47:46,553 | INFO | ui.swipe_view | Recorded swipe : game_id =39 liked = False
2026-09-22 20:47:47,608 | INFO | ui.swipe_view | Recorded swipe : game_id =40 liked = False
2026-09-22 20:47:47,631 | INFO | ui.swipe_view | Queue running low - starting bg refill
2026-09-22 20:47:47,634 | INFO | core.game_queue_service | refilling game queue
2026-09-22 20:47:47,637 | INFO | sources.igdb_source | Reqiesting new IGDB access token
2026-09-22 20:47:49,722 | INFO | sources.igdb_source | Fetched 15 games from IGDB
2026-09-22 20:47:49,737 | INFO | core.game_repository | Saved new game : Dark Souls
2026-09-22 20:47:49,752 | INFO | core.game_repository | Saved new game : Metal Gear Solid
2026-09-22 20:47:49,762 | INFO | core.game_repository | Saved new game : The Last of Us Part II
2026-09-22 20:47:49,773 | INFO | core.game_repository | Saved new game : Assassin's Creed
2026-09-22 20:47:49,781 | INFO | core.game_repository | Saved new game : Fallout 4
2026-09-22 20:47:49,789 | INFO | core.game_repository | Saved new game : Dragon Age: Origins
2026-09-22 20:47:49,797 | INFO | core.game_repository | Saved new game : Hades
2026-09-22 20:47:49,807 | INFO | core.game_repository | Saved new game : The Walking Dead
2026-09-22 20:47:49,815 | INFO | core.game_repository | Saved new game : Super Mario Bros. 3
2026-09-22 20:47:49,822 | INFO | core.game_repository | Saved new game : Assassin's Creed Brotherhood
2026-09-22 20:47:49,831 | INFO | core.game_repository | Saved new game : The Legend of Zelda: A Link to the Past
2026-09-22 20:47:49,840 | INFO | core.game_repository | Saved new game : Max Payne
2026-09-22 20:47:49,857 | INFO | core.game_repository | Saved new game : Stardew Valley
2026-09-22 20:47:49,870 | INFO | core.game_repository | Saved new game : Assassin's Creed IV Black Flag
2026-09-22 20:47:49,880 | INFO | core.game_repository | Saved new game : Fallout 3
2026-09-22 20:47:49,886 | INFO | ui.swipe_view | Bg refill finished
2026-09-22 20:48:07,168 | INFO | ui.swipe_view | Recorded swipe : game_id =41 liked = True
2026-09-22 20:48:28,843 | INFO | __main__ | Starting Game Tindr
2026-09-22 20:48:28,844 | INFO | __main__ | Loaded settings - active theme : dark
2026-09-22 20:48:28,899 | INFO | __main__ | Created Default user
2026-09-22 20:48:28,925 | INFO | ui.swipe_view | Queue running low - starting bg refill
2026-09-22 20:48:28,938 | INFO | core.game_queue_service | refilling game queue
2026-09-22 20:48:28,943 | INFO | sources.igdb_source | Reqiesting new IGDB access token
2026-09-22 20:48:31,054 | INFO | sources.igdb_source | Fetched 15 games from IGDB
2026-09-22 20:48:31,077 | INFO | core.game_repository | Saved new game : Grand Theft Auto V
2026-09-22 20:48:31,087 | INFO | core.game_repository | Saved new game : Red Dead Redemption 2
2026-09-22 20:48:31,098 | INFO | core.game_repository | Saved new game : The Last of Us
2026-09-22 20:48:31,107 | INFO | core.game_repository | Saved new game : Grand Theft Auto: San Andreas
2026-09-22 20:48:31,117 | INFO | core.game_repository | Saved new game : Portal 2
2026-09-22 20:48:31,126 | INFO | core.game_repository | Saved new game : Grand Theft Auto: Vice City
2026-09-22 20:48:31,137 | INFO | core.game_repository | Saved new game : Portal
2026-09-22 20:48:31,146 | INFO | core.game_repository | Saved new game : God of War
2026-09-22 20:48:31,155 | INFO | core.game_repository | Saved new game : Half-Life 2
2026-09-22 20:48:31,163 | INFO | core.game_repository | Saved new game : The Witcher 3: Wild Hunt
2026-09-22 20:48:31,171 | INFO | core.game_repository | Saved new game : Assassin's Creed II
2026-09-22 20:48:31,180 | INFO | core.game_repository | Saved new game : The Elder Scrolls V: Skyrim
2026-09-22 20:48:31,190 | INFO | core.game_repository | Saved new game : The Legend of Zelda: Breath of the Wild
2026-09-22 20:48:31,199 | INFO | core.game_repository | Saved new game : Half-Life
2026-09-22 20:48:31,207 | INFO | core.game_repository | Saved new game : BioShock
2026-09-22 20:48:31,212 | INFO | ui.swipe_view | Bg refill finished
2026-09-22 20:48:42,295 | INFO | __main__ | Starting Game Tindr
2026-09-22 20:48:42,297 | INFO | __main__ | Loaded settings - active theme : dark
2026-09-22 20:48:42,311 | INFO | __main__ | Using existing user : Player
2026-09-22 20:49:34,808 | INFO | __main__ | Starting Game Tindr
2026-09-22 20:49:34,812 | INFO | __main__ | Loaded settings - active theme : dark
2026-09-22 20:49:34,824 | INFO | __main__ | Using existing user : Player
2026-09-22 20:50:02,964 | INFO | __main__ | Starting Game Tindr
2026-09-22 20:50:02,966 | INFO | __main__ | Loaded settings - active theme : dark
2026-09-22 20:50:02,979 | INFO | __main__ | Using existing user : Player
2026-09-22 20:52:01,443 | INFO | __main__ | Starting Game Tindr
2026-09-22 20:52:01,446 | INFO | __main__ | Loaded settings - active theme : dark
2026-09-22 20:52:01,460 | INFO | __main__ | Using existing user : Player
2026-09-22 20:52:23,001 | INFO | __main__ | Starting Game Tindr
2026-09-22 20:52:23,018 | INFO | __main__ | Loaded settings - active theme : dark
2026-09-22 20:52:23,032 | INFO | __main__ | Using existing user : Player
2026-09-22 20:52:31,207 | INFO | __main__ | Starting Game Tindr
2026-09-22 20:52:31,211 | INFO | __main__ | Loaded settings - active theme : dark
2026-09-22 20:52:31,224 | INFO | __main__ | Using existing user : Player
2026-09-22 20:52:43,052 | INFO | __main__ | Starting Game Tindr
2026-09-22 20:52:43,054 | INFO | __main__ | Loaded settings - active theme : dark
2026-09-22 20:52:43,110 | INFO | __main__ | Created Default user
2026-09-22 20:52:43,137 | INFO | ui.swipe_view | Queue running low - starting bg refill
2026-09-22 20:52:43,312 | INFO | core.game_queue_service | refilling game queue
2026-09-22 20:52:43,319 | INFO | sources.igdb_source | Reqiesting new IGDB access token
2026-09-22 20:52:46,032 | INFO | sources.igdb_source | Fetched 15 games from IGDB
2026-09-22 20:52:46,047 | INFO | core.game_repository | Saved new game : Grand Theft Auto: Vice City
2026-09-22 20:52:46,061 | INFO | core.game_repository | Saved new game : Red Dead Redemption 2
2026-09-22 20:52:46,070 | INFO | core.game_repository | Saved new game : BioShock
2026-09-22 20:52:46,084 | INFO | core.game_repository | Saved new game : Assassin's Creed II
2026-09-22 20:52:46,105 | INFO | core.game_repository | Saved new game : Grand Theft Auto: San Andreas
2026-09-22 20:52:46,118 | INFO | core.game_repository | Saved new game : Portal
2026-09-22 20:52:46,126 | INFO | core.game_repository | Saved new game : The Witcher 3: Wild Hunt
2026-09-22 20:52:46,134 | INFO | core.game_repository | Saved new game : The Last of Us
2026-09-22 20:52:46,142 | INFO | core.game_repository | Saved new game : God of War
2026-09-22 20:52:46,150 | INFO | core.game_repository | Saved new game : Half-Life 2
2026-09-22 20:52:46,158 | INFO | core.game_repository | Saved new game : Half-Life
2026-09-22 20:52:46,165 | INFO | core.game_repository | Saved new game : The Elder Scrolls V: Skyrim
2026-09-22 20:52:46,172 | INFO | core.game_repository | Saved new game : The Legend of Zelda: Breath of the Wild
2026-09-22 20:52:46,179 | INFO | core.game_repository | Saved new game : Grand Theft Auto V
2026-09-22 20:52:46,186 | INFO | core.game_repository | Saved new game : Portal 2
2026-09-22 20:52:46,191 | INFO | ui.swipe_view | Bg refill finished
2026-09-23 12:22:59,502 | INFO | __main__ | Starting Game Tindr
2026-09-23 12:22:59,528 | INFO | __main__ | Loaded settings - active theme : dark
2026-09-23 12:22:59,598 | INFO | __main__ | Created Default user
2026-09-23 12:22:59,663 | INFO | ui.swipe_view | Queue running low - starting bg refill
2026-09-23 12:22:59,854 | INFO | core.game_queue_service | refilling game queue
2026-09-23 12:23:00,129 | INFO | sources.igdb_source | Reqiesting new IGDB access token
2026-09-23 12:23:02,927 | INFO | sources.igdb_source | Fetched 15 games from IGDB
2026-09-23 12:23:03,072 | INFO | core.game_repository | Saved new game : BioShock
2026-09-23 12:23:03,083 | INFO | core.game_repository | Saved new game : The Legend of Zelda: Breath of the Wild
2026-09-23 12:23:03,091 | INFO | core.game_repository | Saved new game : Red Dead Redemption 2
2026-09-23 12:23:03,102 | INFO | core.game_repository | Saved new game : Portal
2026-09-23 12:23:03,114 | INFO | core.game_repository | Saved new game : Grand Theft Auto V
2026-09-23 12:23:03,124 | INFO | core.game_repository | Saved new game : The Witcher 3: Wild Hunt
2026-09-23 12:23:03,134 | INFO | core.game_repository | Saved new game : The Elder Scrolls V: Skyrim
2026-09-23 12:23:03,146 | INFO | core.game_repository | Saved new game : The Last of Us
2026-09-23 12:23:03,155 | INFO | core.game_repository | Saved new game : Portal 2
2026-09-23 12:23:03,163 | INFO | core.game_repository | Saved new game : Grand Theft Auto: San Andreas
2026-09-23 12:23:03,171 | INFO | core.game_repository | Saved new game : Half-Life
2026-09-23 12:23:03,179 | INFO | core.game_repository | Saved new game : Half-Life 2
2026-09-23 12:23:03,189 | INFO | core.game_repository | Saved new game : God of War
2026-09-23 12:23:03,197 | INFO | core.game_repository | Saved new game : Grand Theft Auto: Vice City
2026-09-23 12:23:03,205 | INFO | core.game_repository | Saved new game : Assassin's Creed II
2026-09-23 12:23:03,211 | INFO | ui.swipe_view | Bg refill finished
2026-09-23 12:23:27,606 | INFO | ui.settings_view | Theme changed to 'light'
2026-09-23 12:23:31,293 | INFO | ui.settings_view | Theme changed to 'dark'
2026-09-23 12:24:35,086 | INFO | __main__ | Starting Game Tindr
2026-09-23 12:24:35,090 | INFO | __main__ | Loaded settings - active theme : dark
2026-09-23 12:24:35,105 | INFO | __main__ | Using existing user : Player
2026-09-23 12:24:41,527 | INFO | ui.settings_view | Theme changed to 'light'
2026-09-23 12:24:48,510 | INFO | ui.settings_view | Source 'igdb' disabled
2026-09-23 12:24:50,920 | INFO | ui.swipe_view | Recorded swipe : game_id =2 liked = True
2026-09-23 12:24:53,581 | INFO | ui.settings_view | Source 'igdb' enabled
2026-09-23 12:24:57,375 | INFO | ui.settings_view | Theme changed to 'dark'
2026-09-23 12:25:00,761 | INFO | ui.swipe_view | Recorded swipe : game_id =3 liked = False
2026-09-23 12:30:14,760 | INFO | __main__ | Starting Game Tindr
2026-09-23 12:30:14,761 | INFO | __main__ | Loaded settings - active theme : dark
2026-09-23 12:30:14,818 | INFO | __main__ | Created Default user
2026-09-23 12:30:14,849 | INFO | ui.swipe_view | Queue running low - starting bg refill
2026-09-23 12:30:14,867 | INFO | core.game_queue_service | refilling game queue
2026-09-23 12:30:14,875 | INFO | sources.igdb_source | Reqiesting new IGDB access token
2026-09-23 12:30:17,919 | INFO | sources.igdb_source | Fetched 15 games from IGDB
2026-09-23 12:30:17,934 | INFO | core.game_repository | Saved new game : The Last of Us
2026-09-23 12:30:17,943 | INFO | core.game_repository | Saved new game : Half-Life
2026-09-23 12:30:17,952 | INFO | core.game_repository | Saved new game : The Legend of Zelda: Breath of the Wild
2026-09-23 12:30:17,961 | INFO | core.game_repository | Saved new game : Assassin's Creed II
2026-09-23 12:30:17,972 | INFO | core.game_repository | Saved new game : The Elder Scrolls V: Skyrim
2026-09-23 12:30:17,982 | INFO | core.game_repository | Saved new game : BioShock
2026-09-23 12:30:17,994 | INFO | core.game_repository | Saved new game : Grand Theft Auto: San Andreas
2026-09-23 12:30:18,004 | INFO | core.game_repository | Saved new game : Grand Theft Auto: Vice City
2026-09-23 12:30:18,014 | INFO | core.game_repository | Saved new game : Portal
2026-09-23 12:30:18,026 | INFO | core.game_repository | Saved new game : Portal 2
2026-09-23 12:30:18,038 | INFO | core.game_repository | Saved new game : God of War
2026-09-23 12:30:18,049 | INFO | core.game_repository | Saved new game : Half-Life 2
2026-09-23 12:30:18,060 | INFO | core.game_repository | Saved new game : Red Dead Redemption 2
2026-09-23 12:30:18,070 | INFO | core.game_repository | Saved new game : Grand Theft Auto V
2026-09-23 12:30:18,081 | INFO | core.game_repository | Saved new game : The Witcher 3: Wild Hunt
2026-09-23 12:30:18,090 | INFO | ui.swipe_view | Bg refill finished
2026-09-23 12:31:57,613 | INFO | __main__ | Starting Game Tindr
2026-09-23 12:31:57,614 | INFO | __main__ | Loaded settings - active theme : dark
2026-09-23 12:31:57,630 | INFO | __main__ | Using existing user : Player
2026-09-23 12:32:02,949 | INFO | ui.settings_view | Theme changed to 'light'
2026-09-23 12:32:08,729 | INFO | __main__ | Starting Game Tindr
2026-09-23 12:32:08,732 | INFO | __main__ | Loaded settings - active theme : light
2026-09-23 12:32:08,746 | INFO | __main__ | Using existing user : Player
2026-09-23 12:32:11,918 | INFO | ui.settings_view | Theme changed to 'dark'
2026-09-23 13:14:46,655 | INFO | __main__ | Starting Game Tindr
2026-09-23 13:14:46,660 | INFO | __main__ | Loaded settings - active theme : dark
2026-09-23 13:14:46,676 | INFO | __main__ | Using existing user : Player
2026-09-23 13:15:09,612 | INFO | __main__ | Starting Game Tindr
2026-09-23 13:15:09,614 | INFO | __main__ | Loaded settings - active theme : dark
2026-09-23 13:15:09,628 | INFO | __main__ | Using existing user : Player
2026-09-23 13:15:16,618 | INFO | ui.swipe_view | Recorded swipe : game_id =5 liked = True
2026-09-23 13:15:17,728 | INFO | ui.swipe_view | Recorded swipe : game_id =6 liked = False
2026-09-23 13:15:18,824 | INFO | ui.swipe_view | Recorded swipe : game_id =7 liked = False
2026-09-23 13:15:19,980 | INFO | ui.swipe_view | Recorded swipe : game_id =8 liked = False
2026-09-23 13:15:21,421 | INFO | ui.swipe_view | Recorded swipe : game_id =9 liked = True
2026-09-23 13:15:22,430 | INFO | ui.swipe_view | Recorded swipe : game_id =10 liked = True
2026-09-23 13:15:22,456 | INFO | ui.swipe_view | Queue running low - starting bg refill
2026-09-23 13:15:22,459 | INFO | core.game_queue_service | refilling game queue
2026-09-23 13:15:22,463 | INFO | sources.igdb_source | Reqiesting new IGDB access token
2026-09-23 13:15:24,141 | INFO | ui.swipe_view | Recorded swipe : game_id =11 liked = True
2026-09-23 13:15:25,066 | INFO | sources.igdb_source | Fetched 15 games from IGDB
2026-09-23 13:15:25,081 | INFO | core.game_repository | Saved new game : Fallout: New Vegas
2026-09-23 13:15:25,092 | INFO | core.game_repository | Saved new game : Uncharted 2: Among Thieves
2026-09-23 13:15:25,101 | INFO | core.game_repository | Saved new game : Uncharted 4: A Thief's End
2026-09-23 13:15:25,109 | INFO | core.game_repository | Saved new game : Marvel's Spider-Man
2026-09-23 13:15:25,121 | INFO | core.game_repository | Saved new game : Batman: Arkham City
2026-09-23 13:15:25,130 | INFO | core.game_repository | Saved new game : Mass Effect
2026-09-23 13:15:25,139 | INFO | core.game_repository | Saved new game : Hollow Knight
2026-09-23 13:15:25,148 | INFO | core.game_repository | Saved new game : Tomb Raider
2026-09-23 13:15:25,156 | INFO | core.game_repository | Saved new game : BioShock Infinite
2026-09-23 13:15:25,165 | INFO | core.game_repository | Saved new game : Far Cry 3
2026-09-23 13:15:25,174 | INFO | core.game_repository | Saved new game : Batman: Arkham Asylum
2026-09-23 13:15:25,183 | INFO | core.game_repository | Saved new game : Elden Ring
2026-09-23 13:15:25,193 | INFO | core.game_repository | Saved new game : Mass Effect 2
2026-09-23 13:15:25,202 | INFO | core.game_repository | Saved new game : Horizon Zero Dawn
2026-09-23 13:15:25,209 | INFO | core.game_repository | Saved new game : Red Dead Redemption
2026-09-23 13:15:25,214 | INFO | ui.swipe_view | Bg refill finished
2026-09-23 13:15:26,266 | INFO | ui.swipe_view | Recorded swipe : game_id =12 liked = False
2026-09-23 13:15:28,117 | INFO | ui.swipe_view | Recorded swipe : game_id =13 liked = False
2026-09-23 13:15:29,365 | INFO | ui.swipe_view | Recorded swipe : game_id =14 liked = False
2026-09-23 13:15:33,515 | INFO | ui.swipe_view | Recorded swipe : game_id =15 liked = True
2026-09-23 13:15:36,677 | INFO | ui.swipe_view | Recorded swipe : game_id =16 liked = False
2026-09-23 13:15:39,543 | INFO | ui.swipe_view | Recorded swipe : game_id =17 liked = False
2026-09-23 13:15:40,685 | INFO | ui.swipe_view | Recorded swipe : game_id =18 liked = False
2026-09-23 13:15:41,885 | INFO | ui.swipe_view | Recorded swipe : game_id =19 liked = False
2026-09-23 13:15:43,209 | INFO | ui.swipe_view | Recorded swipe : game_id =20 liked = False
2026-09-23 13:15:44,615 | INFO | ui.swipe_view | Recorded swipe : game_id =21 liked = False
2026-09-23 13:15:45,711 | INFO | ui.swipe_view | Recorded swipe : game_id =22 liked = True
2026-09-23 13:15:46,960 | INFO | ui.swipe_view | Recorded swipe : game_id =23 liked = True
2026-09-23 13:15:48,126 | INFO | ui.swipe_view | Recorded swipe : game_id =24 liked = False
2026-09-23 13:15:49,375 | INFO | ui.swipe_view | Recorded swipe : game_id =25 liked = False
2026-09-23 13:15:49,403 | INFO | ui.swipe_view | Queue running low - starting bg refill
2026-09-23 13:15:49,405 | INFO | core.game_queue_service | refilling game queue
2026-09-23 13:15:49,407 | INFO | sources.igdb_source | Reqiesting new IGDB access token
2026-09-23 13:15:50,555 | INFO | ui.swipe_view | Recorded swipe : game_id =26 liked = False
2026-09-23 13:15:51,115 | INFO | sources.igdb_source | Fetched 15 games from IGDB
2026-09-23 13:15:51,129 | INFO | core.game_repository | Saved new game : Dark Souls III
2026-09-23 13:15:51,138 | INFO | core.game_repository | Saved new game : Super Mario Odyssey
2026-09-23 13:15:51,148 | INFO | core.game_repository | Saved new game : Borderlands 2
2026-09-23 13:15:51,157 | INFO | core.game_repository | Saved new game : Super Mario 64
2026-09-23 13:15:51,167 | INFO | core.game_repository | Saved new game : Minecraft: Java Edition
2026-09-23 13:15:51,175 | INFO | core.game_repository | Saved new game : Call of Duty 4: Modern Warfare
2026-09-23 13:15:51,183 | INFO | core.game_repository | Saved new game : Life Is Strange
2026-09-23 13:15:51,192 | INFO | core.game_repository | Saved new game : Dishonored
2026-09-23 13:15:51,199 | INFO | core.game_repository | Saved new game : Bloodborne
2026-09-23 13:15:51,210 | INFO | core.game_repository | Saved new game : Undertale
2026-09-23 13:15:51,218 | INFO | core.game_repository | Saved new game : The Legend of Zelda: Ocarina of Time
2026-09-23 13:15:51,229 | INFO | core.game_repository | Saved new game : Doom
2026-09-23 13:15:51,243 | INFO | core.game_repository | Saved new game : Mass Effect 3
2026-09-23 13:15:51,251 | INFO | core.game_repository | Saved new game : Grand Theft Auto IV
2026-09-23 13:15:51,259 | INFO | core.game_repository | Saved new game : Super Mario World
2026-09-23 13:15:51,264 | INFO | ui.swipe_view | Bg refill finished
2026-09-23 13:15:51,711 | INFO | ui.swipe_view | Recorded swipe : game_id =27 liked = True
2026-09-23 13:15:53,727 | INFO | ui.swipe_view | Recorded swipe : game_id =28 liked = False
2026-09-23 13:15:54,866 | INFO | ui.swipe_view | Recorded swipe : game_id =29 liked = False
2026-09-23 13:15:56,083 | INFO | ui.swipe_view | Recorded swipe : game_id =30 liked = False
2026-09-23 13:15:57,214 | INFO | ui.swipe_view | Recorded swipe : game_id =31 liked = True
2026-09-23 13:15:58,855 | INFO | ui.swipe_view | Recorded swipe : game_id =32 liked = False
2026-09-23 13:16:00,202 | INFO | ui.swipe_view | Recorded swipe : game_id =33 liked = False
2026-09-23 13:16:01,214 | INFO | ui.swipe_view | Recorded swipe : game_id =34 liked = False
2026-09-23 13:16:02,428 | INFO | ui.swipe_view | Recorded swipe : game_id =35 liked = True
2026-09-23 13:16:03,796 | INFO | ui.swipe_view | Recorded swipe : game_id =36 liked = False
2026-09-23 13:16:06,558 | INFO | ui.swipe_view | Recorded swipe : game_id =37 liked = True
2026-09-23 13:16:12,338 | INFO | ui.swipe_view | Recorded swipe : game_id =38 liked = True
2026-09-23 13:16:13,491 | INFO | ui.swipe_view | Recorded swipe : game_id =39 liked = True
2026-09-23 13:16:14,833 | INFO | ui.swipe_view | Recorded swipe : game_id =40 liked = True
2026-09-23 13:16:14,861 | INFO | ui.swipe_view | Queue running low - starting bg refill
2026-09-23 13:16:14,864 | INFO | core.game_queue_service | refilling game queue
2026-09-23 13:16:14,866 | INFO | sources.igdb_source | Reqiesting new IGDB access token
2026-09-23 13:16:16,520 | INFO | ui.swipe_view | Recorded swipe : game_id =41 liked = True
2026-09-23 13:16:16,562 | INFO | sources.igdb_source | Fetched 15 games from IGDB
2026-09-23 13:16:16,571 | INFO | core.game_repository | Saved new game : Assassin's Creed Brotherhood
2026-09-23 13:16:16,579 | INFO | core.game_repository | Saved new game : Max Payne
2026-09-23 13:16:16,588 | INFO | core.game_repository | Saved new game : Metal Gear Solid
2026-09-23 13:16:16,598 | INFO | core.game_repository | Saved new game : The Walking Dead
2026-09-23 13:16:16,606 | INFO | core.game_repository | Saved new game : Dark Souls
2026-09-23 13:16:16,613 | INFO | core.game_repository | Saved new game : Fallout 3
2026-09-23 13:16:16,620 | INFO | core.game_repository | Saved new game : Assassin's Creed IV Black Flag
2026-09-23 13:16:16,627 | INFO | core.game_repository | Saved new game : Dragon Age: Origins
2026-09-23 13:16:16,638 | INFO | core.game_repository | Saved new game : The Last of Us Part II
2026-09-23 13:16:16,648 | INFO | core.game_repository | Saved new game : Super Mario Bros. 3
2026-09-23 13:16:16,656 | INFO | core.game_repository | Saved new game : The Legend of Zelda: A Link to the Past
2026-09-23 13:16:16,665 | INFO | core.game_repository | Saved new game : Stardew Valley
2026-09-23 13:16:16,675 | INFO | core.game_repository | Saved new game : Assassin's Creed
2026-09-23 13:16:16,684 | INFO | core.game_repository | Saved new game : Fallout 4
2026-09-23 13:16:16,692 | INFO | core.game_repository | Saved new game : Hades
2026-09-23 13:16:16,698 | INFO | ui.swipe_view | Bg refill finished
2026-09-23 13:16:17,996 | INFO | ui.swipe_view | Recorded swipe : game_id =42 liked = False
2026-09-23 13:16:19,131 | INFO | ui.swipe_view | Recorded swipe : game_id =43 liked = False
2026-09-23 13:16:20,258 | INFO | ui.swipe_view | Recorded swipe : game_id =44 liked = False
2026-09-23 13:16:21,929 | INFO | ui.swipe_view | Recorded swipe : game_id =45 liked = False
2026-09-23 13:16:29,193 | INFO | ui.swipe_view | Recorded swipe : game_id =46 liked = True
2026-09-23 13:16:31,436 | INFO | ui.swipe_view | Recorded swipe : game_id =47 liked = False
2026-09-23 13:16:39,529 | INFO | ui.swipe_view | Recorded swipe : game_id =48 liked = True
2026-09-23 13:16:41,513 | INFO | ui.swipe_view | Recorded swipe : game_id =49 liked = True
2026-09-23 13:16:42,798 | INFO | ui.swipe_view | Recorded swipe : game_id =50 liked = True
2026-09-23 13:16:45,418 | INFO | ui.swipe_view | Recorded swipe : game_id =51 liked = False
2026-09-23 13:16:49,721 | INFO | ui.swipe_view | Recorded swipe : game_id =52 liked = True
2026-09-23 13:16:52,978 | INFO | ui.swipe_view | Recorded swipe : game_id =53 liked = False
2026-09-23 13:16:54,548 | INFO | ui.swipe_view | Recorded swipe : game_id =54 liked = True
2026-09-23 13:16:56,070 | INFO | ui.swipe_view | Recorded swipe : game_id =55 liked = False
2026-09-23 13:16:56,093 | INFO | ui.swipe_view | Queue running low - starting bg refill
2026-09-23 13:16:56,096 | INFO | core.game_queue_service | refilling game queue
2026-09-23 13:16:56,099 | INFO | sources.igdb_source | Reqiesting new IGDB access token
2026-09-23 13:16:57,370 | INFO | ui.swipe_view | Recorded swipe : game_id =56 liked = True
2026-09-23 13:16:57,742 | INFO | sources.igdb_source | Fetched 15 games from IGDB
2026-09-23 13:16:57,758 | INFO | core.game_repository | Saved new game : Grand Theft Auto III
2026-09-23 13:16:57,768 | INFO | core.game_repository | Saved new game : Diablo II
2026-09-23 13:16:57,776 | INFO | core.game_repository | Saved new game : Cyberpunk 2077
2026-09-23 13:16:57,784 | INFO | core.game_repository | Saved new game : Baldur's Gate III
2026-09-23 13:16:57,795 | INFO | core.game_repository | Saved new game : Limbo
2026-09-23 13:16:57,802 | INFO | core.game_repository | Saved new game : Ori and the Blind Forest
2026-09-23 13:16:57,811 | INFO | core.game_repository | Saved new game : The Elder Scrolls IV: Oblivion
2026-09-23 13:16:57,819 | INFO | core.game_repository | Saved new game : Mafia
2026-09-23 13:16:57,828 | INFO | core.game_repository | Saved new game : The Last of Us Remastered
2026-09-23 13:16:57,836 | INFO | core.game_repository | Saved new game : Warcraft III: Reign of Chaos
2026-09-23 13:16:57,843 | INFO | core.game_repository | Saved new game : Call of Duty: Modern Warfare 2
2026-09-23 13:16:57,851 | INFO | core.game_repository | Saved new game : Final Fantasy VII
2026-09-23 13:16:57,860 | INFO | core.game_repository | Saved new game : Inside
2026-09-23 13:16:57,868 | INFO | core.game_repository | Saved new game : Resident Evil 4
2026-09-23 13:16:57,876 | INFO | core.game_repository | Saved new game : NieR: Automata
2026-09-23 13:16:57,882 | INFO | ui.swipe_view | Bg refill finished
2026-09-23 13:16:58,529 | INFO | ui.swipe_view | Recorded swipe : game_id =57 liked = True
2026-09-23 13:17:10,394 | INFO | __main__ | Starting Game Tindr
2026-09-23 13:17:10,395 | INFO | __main__ | Loaded settings - active theme : dark
2026-09-23 13:17:10,409 | INFO | __main__ | Using existing user : Player
2026-09-23 13:17:33,038 | INFO | ui.settings_view | Theme changed to 'light'
2026-09-23 13:17:35,736 | INFO | ui.settings_view | Theme changed to 'dark'
2026-09-23 13:45:16,167 | INFO | __main__ | Starting Game Tindr
2026-09-23 13:45:16,170 | INFO | __main__ | Loaded settings - active theme : dark
2026-09-23 13:45:16,225 | INFO | __main__ | Created Default user
2026-09-23 13:45:16,269 | INFO | ui.swipe_view | Queue running low - starting bg refill
2026-09-23 13:45:16,433 | INFO | core.game_queue_service | refilling game queue
2026-09-23 13:45:16,441 | INFO | sources.igdb_source | Reqiesting new IGDB access token
2026-09-23 13:45:19,061 | INFO | sources.igdb_source | Fetched 15 games from IGDB
2026-09-23 13:45:19,073 | INFO | core.game_repository | Saved new game : The Witcher 3: Wild Hunt
2026-09-23 13:45:19,083 | INFO | core.game_repository | Saved new game : Grand Theft Auto V
2026-09-23 13:45:19,091 | INFO | core.game_repository | Saved new game : Grand Theft Auto: Vice City
2026-09-23 13:45:19,101 | INFO | core.game_repository | Saved new game : God of War
2026-09-23 13:45:19,112 | INFO | core.game_repository | Saved new game : Half-Life
2026-09-23 13:45:19,120 | INFO | core.game_repository | Saved new game : Portal 2
2026-09-23 13:45:19,128 | INFO | core.game_repository | Saved new game : Assassin's Creed II
2026-09-23 13:45:19,137 | INFO | core.game_repository | Saved new game : The Legend of Zelda: Breath of the Wild
2026-09-23 13:45:19,144 | INFO | core.game_repository | Saved new game : Half-Life 2
2026-09-23 13:45:19,152 | INFO | core.game_repository | Saved new game : Portal
2026-09-23 13:45:19,161 | INFO | core.game_repository | Saved new game : Grand Theft Auto: San Andreas
2026-09-23 13:45:19,171 | INFO | core.game_repository | Saved new game : The Last of Us
2026-09-23 13:45:19,181 | INFO | core.game_repository | Saved new game : BioShock
2026-09-23 13:45:19,192 | INFO | core.game_repository | Saved new game : Red Dead Redemption 2
2026-09-23 13:45:19,203 | INFO | core.game_repository | Saved new game : The Elder Scrolls V: Skyrim
2026-09-23 13:45:19,209 | INFO | ui.swipe_view | Bg refill finished
2026-09-23 13:45:24,939 | INFO | ui.swipe_view | Recorded swipe : game_id =1 liked = True
2026-09-23 13:46:05,094 | INFO | __main__ | Starting Game Tindr
2026-09-23 13:46:05,096 | INFO | __main__ | Loaded settings - active theme : dark
2026-09-23 13:46:05,110 | INFO | __main__ | Using existing user : Player
2026-09-23 13:46:12,553 | INFO | ui.swipe_view | Recorded swipe : game_id =3 liked = False
2026-09-23 13:46:18,137 | INFO | ui.swipe_view | Recorded swipe : game_id =4 liked = True
2026-09-23 13:46:26,418 | INFO | ui.swipe_view | Recorded swipe : game_id =5 liked = True
2026-09-23 13:46:28,003 | INFO | ui.swipe_view | Recorded swipe : game_id =6 liked = True
2026-09-23 13:46:30,019 | INFO | ui.swipe_view | Recorded swipe : game_id =7 liked = True
2026-09-23 13:46:31,143 | INFO | ui.swipe_view | Recorded swipe : game_id =8 liked = True
2026-09-23 13:46:32,234 | INFO | ui.swipe_view | Recorded swipe : game_id =9 liked = False
2026-09-23 13:46:33,969 | INFO | ui.swipe_view | Recorded swipe : game_id =10 liked = True
2026-09-23 13:46:33,998 | INFO | ui.swipe_view | Queue running low - starting bg refill
2026-09-23 13:46:34,001 | INFO | core.game_queue_service | refilling game queue
2026-09-23 13:46:34,006 | INFO | sources.igdb_source | Reqiesting new IGDB access token
2026-09-23 13:46:35,020 | INFO | ui.swipe_view | Recorded swipe : game_id =11 liked = False
2026-09-23 13:46:36,064 | INFO | sources.igdb_source | Fetched 15 games from IGDB
2026-09-23 13:46:36,080 | INFO | core.game_repository | Saved new game : Hollow Knight
2026-09-23 13:46:36,089 | INFO | core.game_repository | Saved new game : Far Cry 3
2026-09-23 13:46:36,098 | INFO | core.game_repository | Saved new game : Fallout: New Vegas
2026-09-23 13:46:36,106 | INFO | core.game_repository | Saved new game : Mass Effect
2026-09-23 13:46:36,114 | INFO | core.game_repository | Saved new game : Uncharted 4: A Thief's End
2026-09-23 13:46:36,124 | INFO | core.game_repository | Saved new game : Red Dead Redemption
2026-09-23 13:46:36,133 | INFO | core.game_repository | Saved new game : BioShock Infinite
2026-09-23 13:46:36,144 | INFO | core.game_repository | Saved new game : Uncharted 2: Among Thieves
2026-09-23 13:46:36,153 | INFO | core.game_repository | Saved new game : Mass Effect 2
2026-09-23 13:46:36,161 | INFO | core.game_repository | Saved new game : Batman: Arkham City
2026-09-23 13:46:36,170 | INFO | core.game_repository | Saved new game : Horizon Zero Dawn
2026-09-23 13:46:36,179 | INFO | core.game_repository | Saved new game : Elden Ring
2026-09-23 13:46:36,188 | INFO | core.game_repository | Saved new game : Batman: Arkham Asylum
2026-09-23 13:46:36,201 | INFO | core.game_repository | Saved new game : Marvel's Spider-Man
2026-09-23 13:46:36,211 | INFO | core.game_repository | Saved new game : Tomb Raider
2026-09-23 13:46:36,216 | INFO | ui.swipe_view | Bg refill finished
2026-09-23 13:46:36,281 | INFO | ui.swipe_view | Recorded swipe : game_id =12 liked = True
2026-09-23 13:46:37,973 | INFO | ui.swipe_view | Recorded swipe : game_id =13 liked = False
2026-09-23 13:46:39,689 | INFO | ui.swipe_view | Recorded swipe : game_id =14 liked = False
2026-09-23 13:46:41,676 | INFO | ui.swipe_view | Recorded swipe : game_id =15 liked = True
2026-09-23 13:46:42,924 | INFO | ui.swipe_view | Recorded swipe : game_id =16 liked = True
2026-09-23 13:46:44,069 | INFO | ui.swipe_view | Recorded swipe : game_id =17 liked = False
2026-09-23 13:46:46,755 | INFO | ui.swipe_view | Recorded swipe : game_id =18 liked = False
2026-09-23 13:46:47,850 | INFO | ui.swipe_view | Recorded swipe : game_id =19 liked = False
2026-09-23 13:46:49,389 | INFO | ui.swipe_view | Recorded swipe : game_id =20 liked = False
2026-09-23 13:46:50,502 | INFO | ui.swipe_view | Recorded swipe : game_id =21 liked = False
2026-09-23 13:46:51,758 | INFO | ui.swipe_view | Recorded swipe : game_id =22 liked = False
2026-09-23 13:46:52,898 | INFO | ui.swipe_view | Recorded swipe : game_id =23 liked = False
2026-09-23 13:46:54,008 | INFO | ui.swipe_view | Recorded swipe : game_id =24 liked = False
2026-09-23 13:46:55,193 | INFO | ui.swipe_view | Recorded swipe : game_id =25 liked = False
2026-09-23 13:46:55,223 | INFO | ui.swipe_view | Queue running low - starting bg refill
2026-09-23 13:46:55,225 | INFO | core.game_queue_service | refilling game queue
2026-09-23 13:46:55,227 | INFO | sources.igdb_source | Reqiesting new IGDB access token
2026-09-23 13:46:56,208 | INFO | ui.swipe_view | Recorded swipe : game_id =26 liked = False
2026-09-23 13:46:57,249 | INFO | ui.swipe_view | Recorded swipe : game_id =27 liked = True
2026-09-23 13:46:57,957 | INFO | sources.igdb_source | Fetched 15 games from IGDB
2026-09-23 13:46:57,967 | INFO | core.game_repository | Saved new game : Call of Duty 4: Modern Warfare
2026-09-23 13:46:57,975 | INFO | core.game_repository | Saved new game : The Legend of Zelda: Ocarina of Time
2026-09-23 13:46:57,984 | INFO | core.game_repository | Saved new game : Super Mario 64
2026-09-23 13:46:57,992 | INFO | core.game_repository | Saved new game : Doom
2026-09-23 13:46:58,001 | INFO | core.game_repository | Saved new game : Undertale
2026-09-23 13:46:58,010 | INFO | core.game_repository | Saved new game : Borderlands 2
2026-09-23 13:46:58,018 | INFO | core.game_repository | Saved new game : Dishonored
2026-09-23 13:46:58,026 | INFO | core.game_repository | Saved new game : Super Mario Odyssey
2026-09-23 13:46:58,036 | INFO | core.game_repository | Saved new game : Life Is Strange
2026-09-23 13:46:58,045 | INFO | core.game_repository | Saved new game : Mass Effect 3
2026-09-23 13:46:58,053 | INFO | core.game_repository | Saved new game : Super Mario World
2026-09-23 13:46:58,063 | INFO | core.game_repository | Saved new game : Minecraft: Java Edition
2026-09-23 13:46:58,073 | INFO | core.game_repository | Saved new game : Grand Theft Auto IV
2026-09-23 13:46:58,083 | INFO | core.game_repository | Saved new game : Bloodborne
2026-09-23 13:46:58,091 | INFO | core.game_repository | Saved new game : Dark Souls III
2026-09-23 13:46:58,098 | INFO | ui.swipe_view | Bg refill finished
2026-09-23 13:46:58,450 | INFO | ui.swipe_view | Recorded swipe : game_id =28 liked = False
2026-09-23 13:47:00,752 | INFO | ui.swipe_view | Recorded swipe : game_id =29 liked = False
2026-09-23 13:47:01,956 | INFO | ui.swipe_view | Recorded swipe : game_id =30 liked = True
2026-09-23 13:47:03,102 | INFO | ui.swipe_view | Recorded swipe : game_id =31 liked = False
2026-09-23 13:47:04,175 | INFO | ui.swipe_view | Recorded swipe : game_id =32 liked = True
2026-09-23 13:47:05,345 | INFO | ui.swipe_view | Recorded swipe : game_id =33 liked = False
2026-09-23 13:47:06,824 | INFO | ui.swipe_view | Recorded swipe : game_id =34 liked = False
2026-09-23 13:47:07,927 | INFO | ui.swipe_view | Recorded swipe : game_id =35 liked = True
2026-09-23 13:47:09,162 | INFO | ui.swipe_view | Recorded swipe : game_id =36 liked = False
2026-09-23 13:47:11,435 | INFO | ui.swipe_view | Recorded swipe : game_id =37 liked = False
2026-09-23 13:47:12,543 | INFO | ui.swipe_view | Recorded swipe : game_id =38 liked = True
2026-09-23 13:47:13,562 | INFO | ui.swipe_view | Recorded swipe : game_id =39 liked = False
2026-09-23 13:47:31,344 | INFO | ui.settings_view | Theme changed to 'light'
2026-09-23 13:47:36,331 | INFO | ui.settings_view | Theme changed to 'dark'
2026-09-23 23:20:36,424 | INFO | __main__ | Starting Game Tindr
2026-09-23 23:20:36,429 | INFO | __main__ | Loaded settings - active theme : dark
2026-09-23 23:20:36,492 | INFO | __main__ | Created Default user
2026-09-23 23:20:36,709 | INFO | ui.swipe_view | Queue running low - starting bg refill
2026-09-23 23:20:36,916 | INFO | core.game_queue_service | refilling game queue
2026-09-23 23:20:36,921 | INFO | sources.igdb_source | Reqiesting new IGDB access token
2026-09-23 23:20:39,838 | INFO | sources.igdb_source | Fetched 15 games from IGDB
2026-09-23 23:20:39,859 | INFO | core.game_repository | Saved new game : Portal 2
2026-09-23 23:20:39,872 | INFO | core.game_repository | Saved new game : BioShock
2026-09-23 23:20:39,881 | INFO | core.game_repository | Saved new game : Half-Life 2
2026-09-23 23:20:39,893 | INFO | core.game_repository | Saved new game : The Elder Scrolls V: Skyrim
2026-09-23 23:20:39,901 | INFO | core.game_repository | Saved new game : The Last of Us
2026-09-23 23:20:39,909 | INFO | core.game_repository | Saved new game : Grand Theft Auto: San Andreas
2026-09-23 23:20:39,918 | INFO | core.game_repository | Saved new game : Assassin's Creed II
2026-09-23 23:20:39,927 | INFO | core.game_repository | Saved new game : God of War
2026-09-23 23:20:39,934 | INFO | core.game_repository | Saved new game : Half-Life
2026-09-23 23:20:39,943 | INFO | core.game_repository | Saved new game : The Legend of Zelda: Breath of the Wild
2026-09-23 23:20:39,954 | INFO | core.game_repository | Saved new game : Grand Theft Auto: Vice City
2026-09-23 23:20:39,963 | INFO | core.game_repository | Saved new game : Grand Theft Auto V
2026-09-23 23:20:39,971 | INFO | core.game_repository | Saved new game : Red Dead Redemption 2
2026-09-23 23:20:39,980 | INFO | core.game_repository | Saved new game : The Witcher 3: Wild Hunt
2026-09-23 23:20:39,989 | INFO | core.game_repository | Saved new game : Portal
2026-09-23 23:20:39,995 | INFO | ui.swipe_view | Bg refill finished
2026-09-23 23:20:46,381 | INFO | ui.swipe_view | Recorded swipe : game_id =1 liked = True
2026-09-23 23:20:47,481 | INFO | ui.swipe_view | Recorded swipe : game_id =2 liked = False
2026-09-23 23:20:51,109 | INFO | ui.swipe_view | Recorded swipe : game_id =3 liked = False
2026-09-23 23:20:52,553 | INFO | ui.swipe_view | Recorded swipe : game_id =4 liked = True
2026-09-23 23:20:53,711 | INFO | ui.swipe_view | Recorded swipe : game_id =5 liked = True
2026-09-23 23:20:54,870 | INFO | ui.swipe_view | Recorded swipe : game_id =6 liked = False
2026-09-23 23:20:56,946 | INFO | ui.swipe_view | Recorded swipe : game_id =7 liked = True
2026-09-23 23:20:58,169 | INFO | ui.swipe_view | Recorded swipe : game_id =8 liked = True
2026-09-23 23:20:59,233 | INFO | ui.swipe_view | Recorded swipe : game_id =9 liked = False
2026-09-23 23:21:00,460 | INFO | ui.swipe_view | Recorded swipe : game_id =10 liked = True
2026-09-23 23:21:00,489 | INFO | ui.swipe_view | Queue running low - starting bg refill
2026-09-23 23:21:00,492 | INFO | core.game_queue_service | refilling game queue
2026-09-23 23:21:00,494 | INFO | sources.igdb_source | Reqiesting new IGDB access token
2026-09-23 23:21:01,567 | INFO | ui.swipe_view | Recorded swipe : game_id =11 liked = False
2026-09-23 23:21:02,489 | INFO | ui.swipe_view | Recorded swipe : game_id =12 liked = False
2026-09-23 23:21:02,635 | INFO | sources.igdb_source | Fetched 15 games from IGDB
2026-09-23 23:21:02,645 | INFO | core.game_repository | Saved new game : Mass Effect
2026-09-23 23:21:02,655 | INFO | core.game_repository | Saved new game : Marvel's Spider-Man
2026-09-23 23:21:02,673 | INFO | core.game_repository | Saved new game : Tomb Raider
2026-09-23 23:21:02,686 | INFO | core.game_repository | Saved new game : Uncharted 4: A Thief's End
2026-09-23 23:21:02,699 | INFO | core.game_repository | Saved new game : BioShock Infinite
2026-09-23 23:21:02,709 | INFO | core.game_repository | Saved new game : Far Cry 3
2026-09-23 23:21:02,719 | INFO | core.game_repository | Saved new game : Mass Effect 2
2026-09-23 23:21:02,730 | INFO | core.game_repository | Saved new game : Fallout: New Vegas
2026-09-23 23:21:02,741 | INFO | core.game_repository | Saved new game : Horizon Zero Dawn
2026-09-23 23:21:02,752 | INFO | core.game_repository | Saved new game : Red Dead Redemption
2026-09-23 23:21:02,768 | INFO | core.game_repository | Saved new game : Elden Ring
2026-09-23 23:21:02,776 | INFO | core.game_repository | Saved new game : Batman: Arkham City
2026-09-23 23:21:02,786 | INFO | core.game_repository | Saved new game : Batman: Arkham Asylum
2026-09-23 23:21:02,795 | INFO | core.game_repository | Saved new game : Uncharted 2: Among Thieves
2026-09-23 23:21:02,807 | INFO | core.game_repository | Saved new game : Hollow Knight
2026-09-23 23:21:02,813 | INFO | ui.swipe_view | Bg refill finished
2026-09-23 23:21:04,311 | INFO | ui.swipe_view | Recorded swipe : game_id =13 liked = False
2026-09-23 23:21:05,635 | INFO | ui.swipe_view | Recorded swipe : game_id =14 liked = True
2026-09-23 23:21:06,852 | INFO | ui.swipe_view | Recorded swipe : game_id =15 liked = True
2026-09-23 23:21:08,028 | INFO | ui.swipe_view | Recorded swipe : game_id =16 liked = False
2026-09-23 23:21:09,903 | INFO | ui.swipe_view | Recorded swipe : game_id =17 liked = False
2026-09-23 23:21:11,674 | INFO | ui.swipe_view | Recorded swipe : game_id =18 liked = True
2026-09-23 23:21:13,446 | INFO | ui.swipe_view | Recorded swipe : game_id =19 liked = False
2026-09-23 23:21:14,858 | INFO | ui.swipe_view | Recorded swipe : game_id =20 liked = False
2026-09-23 23:21:17,323 | INFO | ui.swipe_view | Recorded swipe : game_id =21 liked = False
2026-09-23 23:21:18,593 | INFO | ui.swipe_view | Recorded swipe : game_id =22 liked = False
2026-09-23 23:21:20,786 | INFO | ui.swipe_view | Recorded swipe : game_id =23 liked = False
2026-09-23 23:21:22,756 | INFO | ui.swipe_view | Recorded swipe : game_id =24 liked = False
2026-09-23 23:21:24,438 | INFO | ui.swipe_view | Recorded swipe : game_id =25 liked = False
2026-09-23 23:21:24,469 | INFO | ui.swipe_view | Queue running low - starting bg refill
2026-09-23 23:21:24,472 | INFO | core.game_queue_service | refilling game queue
2026-09-23 23:21:24,475 | INFO | sources.igdb_source | Reqiesting new IGDB access token
2026-09-23 23:21:25,538 | INFO | ui.swipe_view | Recorded swipe : game_id =26 liked = True
2026-09-23 23:21:26,170 | INFO | sources.igdb_source | Fetched 15 games from IGDB
2026-09-23 23:21:26,186 | INFO | core.game_repository | Saved new game : Bloodborne
2026-09-23 23:21:26,198 | INFO | core.game_repository | Saved new game : Call of Duty 4: Modern Warfare
2026-09-23 23:21:26,210 | INFO | core.game_repository | Saved new game : Borderlands 2
2026-09-23 23:21:26,221 | INFO | core.game_repository | Saved new game : Doom
2026-09-23 23:21:26,233 | INFO | core.game_repository | Saved new game : Super Mario 64
2026-09-23 23:21:26,243 | INFO | core.game_repository | Saved new game : Minecraft: Java Edition
2026-09-23 23:21:26,252 | INFO | core.game_repository | Saved new game : Super Mario Odyssey
2026-09-23 23:21:26,262 | INFO | core.game_repository | Saved new game : Mass Effect 3
2026-09-23 23:21:26,271 | INFO | core.game_repository | Saved new game : Life Is Strange
2026-09-23 23:21:26,281 | INFO | core.game_repository | Saved new game : Dark Souls III
2026-09-23 23:21:26,293 | INFO | core.game_repository | Saved new game : Grand Theft Auto IV
2026-09-23 23:21:26,311 | INFO | core.game_repository | Saved new game : The Legend of Zelda: Ocarina of Time
2026-09-23 23:21:26,322 | INFO | core.game_repository | Saved new game : Super Mario World
2026-09-23 23:21:26,335 | INFO | core.game_repository | Saved new game : Undertale
2026-09-23 23:21:26,347 | INFO | core.game_repository | Saved new game : Dishonored
2026-09-23 23:21:26,354 | INFO | ui.swipe_view | Bg refill finished
2026-09-23 23:21:26,679 | INFO | ui.swipe_view | Recorded swipe : game_id =27 liked = False
2026-09-23 23:21:28,442 | INFO | ui.swipe_view | Recorded swipe : game_id =28 liked = False
2026-09-23 23:21:29,438 | INFO | ui.swipe_view | Recorded swipe : game_id =29 liked = False
2026-09-23 23:21:30,456 | INFO | ui.swipe_view | Recorded swipe : game_id =30 liked = True
2026-09-23 23:21:31,567 | INFO | ui.swipe_view | Recorded swipe : game_id =31 liked = True
2026-09-23 23:21:32,798 | INFO | ui.swipe_view | Recorded swipe : game_id =32 liked = False
2026-09-23 23:21:33,890 | INFO | ui.swipe_view | Recorded swipe : game_id =33 liked = False
2026-09-23 23:21:35,050 | INFO | ui.swipe_view | Recorded swipe : game_id =34 liked = False
2026-09-23 23:21:36,090 | INFO | ui.swipe_view | Recorded swipe : game_id =35 liked = False
2026-09-23 23:21:37,136 | INFO | ui.swipe_view | Recorded swipe : game_id =36 liked = True
2026-09-23 23:21:38,198 | INFO | ui.swipe_view | Recorded swipe : game_id =37 liked = False
2026-09-23 23:21:39,268 | INFO | ui.swipe_view | Recorded swipe : game_id =38 liked = False
2026-09-23 23:21:43,859 | INFO | ui.swipe_view | Recorded swipe : game_id =39 liked = True
2026-09-23 23:21:44,991 | INFO | ui.swipe_view | Recorded swipe : game_id =40 liked = True
2026-09-23 23:21:45,020 | INFO | ui.swipe_view | Queue running low - starting bg refill
2026-09-23 23:21:45,023 | INFO | core.game_queue_service | refilling game queue
2026-09-23 23:21:45,025 | INFO | sources.igdb_source | Reqiesting new IGDB access token
2026-09-23 23:21:46,015 | INFO | ui.swipe_view | Recorded swipe : game_id =41 liked = False
2026-09-23 23:21:46,664 | INFO | sources.igdb_source | Fetched 15 games from IGDB
2026-09-23 23:21:46,689 | INFO | core.game_repository | Saved new game : Fallout 3
2026-09-23 23:21:46,702 | INFO | core.game_repository | Saved new game : Assassin's Creed
2026-09-23 23:21:46,713 | INFO | core.game_repository | Saved new game : Super Mario Bros. 3
2026-09-23 23:21:46,724 | INFO | core.game_repository | Saved new game : Dragon Age: Origins
2026-09-23 23:21:46,734 | INFO | core.game_repository | Saved new game : Fallout 4
2026-09-23 23:21:46,743 | INFO | core.game_repository | Saved new game : Assassin's Creed IV Black Flag
2026-09-23 23:21:46,752 | INFO | core.game_repository | Saved new game : Hades
2026-09-23 23:21:46,760 | INFO | core.game_repository | Saved new game : Dark Souls
2026-09-23 23:21:46,771 | INFO | core.game_repository | Saved new game : The Walking Dead
2026-09-23 23:21:46,781 | INFO | core.game_repository | Saved new game : Stardew Valley
2026-09-23 23:21:46,791 | INFO | core.game_repository | Saved new game : Metal Gear Solid
2026-09-23 23:21:46,799 | INFO | core.game_repository | Saved new game : Assassin's Creed Brotherhood
2026-09-23 23:21:46,806 | INFO | core.game_repository | Saved new game : The Legend of Zelda: A Link to the Past
2026-09-23 23:21:46,814 | INFO | core.game_repository | Saved new game : Max Payne
2026-09-23 23:21:46,823 | INFO | core.game_repository | Saved new game : The Last of Us Part II
2026-09-23 23:21:46,829 | INFO | ui.swipe_view | Bg refill finished
2026-09-23 23:22:04,529 | INFO | ui.swipe_view | Recorded swipe : game_id =42 liked = False
2026-09-23 23:22:05,678 | INFO | ui.swipe_view | Recorded swipe : game_id =43 liked = False
2026-09-23 23:22:06,920 | INFO | ui.swipe_view | Recorded swipe : game_id =44 liked = True
2026-09-23 23:22:08,330 | INFO | ui.swipe_view | Recorded swipe : game_id =45 liked = False
2026-09-23 23:22:09,321 | INFO | ui.swipe_view | Recorded swipe : game_id =46 liked = False
2026-09-23 23:22:10,605 | INFO | ui.swipe_view | Recorded swipe : game_id =47 liked = True
2026-09-23 23:22:11,743 | INFO | ui.swipe_view | Recorded swipe : game_id =48 liked = False
2026-09-23 23:22:12,828 | INFO | ui.swipe_view | Recorded swipe : game_id =49 liked = False
2026-09-23 23:22:13,906 | INFO | ui.swipe_view | Recorded swipe : game_id =50 liked = False
2026-09-23 23:22:15,333 | INFO | ui.swipe_view | Recorded swipe : game_id =51 liked = True
2026-09-23 23:22:19,509 | INFO | ui.swipe_view | Recorded swipe : game_id =52 liked = False
2026-09-23 23:22:20,594 | INFO | ui.swipe_view | Recorded swipe : game_id =53 liked = True
2026-09-23 23:22:22,392 | INFO | ui.swipe_view | Recorded swipe : game_id =54 liked = True
2026-09-23 23:22:23,518 | INFO | ui.swipe_view | Recorded swipe : game_id =55 liked = True
2026-09-23 23:22:23,552 | INFO | ui.swipe_view | Queue running low - starting bg refill
2026-09-23 23:22:23,556 | INFO | core.game_queue_service | refilling game queue
2026-09-23 23:22:23,558 | INFO | sources.igdb_source | Reqiesting new IGDB access token
2026-09-23 23:22:25,688 | INFO | sources.igdb_source | Fetched 15 games from IGDB
2026-09-23 23:22:25,704 | INFO | core.game_repository | Saved new game : Final Fantasy VII
2026-09-23 23:22:25,719 | INFO | core.game_repository | Saved new game : Warcraft III: Reign of Chaos
2026-09-23 23:22:25,731 | INFO | core.game_repository | Saved new game : Grand Theft Auto III
2026-09-23 23:22:25,741 | INFO | core.game_repository | Saved new game : Diablo II
2026-09-23 23:22:25,749 | INFO | core.game_repository | Saved new game : Call of Duty: Modern Warfare 2
2026-09-23 23:22:25,758 | INFO | core.game_repository | Saved new game : Inside
2026-09-23 23:22:25,768 | INFO | core.game_repository | Saved new game : Cyberpunk 2077
2026-09-23 23:22:25,778 | INFO | core.game_repository | Saved new game : Baldur's Gate III
2026-09-23 23:22:25,788 | INFO | core.game_repository | Saved new game : Mafia
2026-09-23 23:22:25,797 | INFO | core.game_repository | Saved new game : Resident Evil 4
2026-09-23 23:22:25,808 | INFO | core.game_repository | Saved new game : The Last of Us Remastered
2026-09-23 23:22:25,823 | INFO | core.game_repository | Saved new game : Limbo
2026-09-23 23:22:25,839 | INFO | core.game_repository | Saved new game : Ori and the Blind Forest
2026-09-23 23:22:25,850 | INFO | core.game_repository | Saved new game : NieR: Automata
2026-09-23 23:22:25,864 | INFO | core.game_repository | Saved new game : The Elder Scrolls IV: Oblivion
2026-09-23 23:22:25,873 | INFO | ui.swipe_view | Bg refill finished
2026-09-23 23:22:26,281 | INFO | ui.swipe_view | Recorded swipe : game_id =56 liked = False
2026-09-23 23:22:27,468 | INFO | ui.swipe_view | Recorded swipe : game_id =57 liked = True
2026-09-23 23:22:28,546 | INFO | ui.swipe_view | Recorded swipe : game_id =58 liked = False
2026-09-23 23:22:29,992 | INFO | ui.swipe_view | Recorded swipe : game_id =59 liked = False
2026-09-23 23:22:31,138 | INFO | ui.swipe_view | Recorded swipe : game_id =60 liked = True
2026-09-23 23:22:33,280 | INFO | ui.swipe_view | Recorded swipe : game_id =61 liked = False
2026-09-23 23:22:37,793 | INFO | ui.swipe_view | Recorded swipe : game_id =62 liked = False
2026-09-23 23:22:38,862 | INFO | ui.swipe_view | Recorded swipe : game_id =63 liked = False
2026-09-23 23:22:43,348 | INFO | ui.swipe_view | Recorded swipe : game_id =64 liked = True
2026-09-23 23:22:44,617 | INFO | ui.swipe_view | Recorded swipe : game_id =65 liked = False
2026-09-23 23:22:48,604 | INFO | ui.swipe_view | Recorded swipe : game_id =66 liked = True
2026-09-23 23:22:50,402 | INFO | ui.swipe_view | Recorded swipe : game_id =67 liked = False
2026-09-23 23:22:56,712 | INFO | ui.swipe_view | Recorded swipe : game_id =68 liked = False
2026-09-23 23:22:58,867 | INFO | ui.swipe_view | Recorded swipe : game_id =69 liked = False
2026-09-23 23:23:00,472 | INFO | ui.swipe_view | Recorded swipe : game_id =70 liked = True
2026-09-23 23:23:00,505 | INFO | ui.swipe_view | Queue running low - starting bg refill
2026-09-23 23:23:00,509 | INFO | core.game_queue_service | refilling game queue
2026-09-23 23:23:00,512 | INFO | sources.igdb_source | Reqiesting new IGDB access token
2026-09-23 23:23:01,916 | INFO | ui.swipe_view | Recorded swipe : game_id =71 liked = True
2026-09-23 23:23:02,677 | INFO | sources.igdb_source | Fetched 15 games from IGDB
2026-09-23 23:23:02,688 | INFO | core.game_repository | Saved new game : Call of Duty: Black Ops
2026-09-23 23:23:02,699 | INFO | core.game_repository | Saved new game : Uncharted 3: Drake's Deception
2026-09-23 23:23:02,712 | INFO | core.game_repository | Saved new game : Counter-Strike: Global Offensive
2026-09-23 23:23:02,725 | INFO | core.game_repository | Saved new game : Middle-earth: Shadow of Mordor
2026-09-23 23:23:02,736 | INFO | core.game_repository | Saved new game : Rise of the Tomb Raider
2026-09-23 23:23:02,748 | INFO | core.game_repository | Saved new game : The Witcher 2: Assassins of Kings
2026-09-23 23:23:02,760 | INFO | core.game_repository | Saved new game : Batman: Arkham Knight
2026-09-23 23:23:02,772 | INFO | core.game_repository | Saved new game : Sekiro: Shadows Die Twice
2026-09-23 23:23:02,783 | INFO | core.game_repository | Saved new game : Celeste
2026-09-23 23:23:02,792 | INFO | core.game_repository | Saved new game : Half-Life 2: Episode Two
2026-09-23 23:23:02,803 | INFO | core.game_repository | Saved new game : Star Wars: Knights of the Old Republic
2026-09-23 23:23:02,812 | INFO | core.game_repository | Saved new game : Resident Evil 2
2026-09-23 23:23:02,820 | INFO | core.game_repository | Saved new game : Chrono Trigger
2026-09-23 23:23:02,829 | INFO | core.game_repository | Saved new game : Assassin's Creed III
2026-09-23 23:23:02,838 | INFO | core.game_repository | Saved new game : Wolfenstein: The New Order
2026-09-23 23:23:02,844 | INFO | ui.swipe_view | Bg refill finished
2026-09-23 23:23:03,520 | INFO | ui.swipe_view | Recorded swipe : game_id =72 liked = True
